// Jest Snapshot v1, https://goo.gl/fbAQLP

exports[`renders correctly 1`] = `
<div
  className="catalog__movies-list"
>
  <article
    className="small-movie-card catalog__movies-card"
    onClick={[Function]}
    onMouseEnter={[Function]}
    onMouseLeave={[Function]}
  >
    <a
      href="/films/1"
      onClick={[Function]}
    >
      <div
        className="small-movie-card__image"
      >
        <video
          height={175}
          muted={true}
          poster="https://es31-server.appspot.com/wtw/static/film/preview/seven-years-in-tibet.jpg"
          src="https://upload.wikimedia.org/wikipedia/commons/transcoded/b/b3/Big_Buck_Bunny_Trailer_400p.ogv/Big_Buck_Bunny_Trailer_400p.ogv.360p.webm"
          width={280}
        />
      </div>
    </a>
    <h3
      className="small-movie-card__title"
    >
      <a
        className="small-movie-card__link"
        href="/films/1"
        onClick={[Function]}
      >
        Seven Years in Tibet
      </a>
    </h3>
  </article>
  <article
    className="small-movie-card catalog__movies-card"
    onClick={[Function]}
    onMouseEnter={[Function]}
    onMouseLeave={[Function]}
  >
    <a
      href="/films/2"
      onClick={[Function]}
    >
      <div
        className="small-movie-card__image"
      >
        <video
          height={175}
          muted={true}
          poster="https://es31-server.appspot.com/wtw/static/film/preview/what-we-do-in-the-shadows.jpg"
          src="https://download.blender.org/durian/trailer/sintel_trailer-480p.mp4"
          width={280}
        />
      </div>
    </a>
    <h3
      className="small-movie-card__title"
    >
      <a
        className="small-movie-card__link"
        href="/films/2"
        onClick={[Function]}
      >
        What We Do in the Shadows
      </a>
    </h3>
  </article>
  <article
    className="small-movie-card catalog__movies-card"
    onClick={[Function]}
    onMouseEnter={[Function]}
    onMouseLeave={[Function]}
  >
    <a
      href="/films/3"
      onClick={[Function]}
    >
      <div
        className="small-movie-card__image"
      >
        <video
          height={175}
          muted={true}
          poster="https://es31-server.appspot.com/wtw/static/film/preview/johnny-english.jpg"
          src="https://download.blender.org/durian/trailer/sintel_trailer-480p.mp4"
          width={280}
        />
      </div>
    </a>
    <h3
      className="small-movie-card__title"
    >
      <a
        className="small-movie-card__link"
        href="/films/3"
        onClick={[Function]}
      >
        Johnny English
      </a>
    </h3>
  </article>
  <article
    className="small-movie-card catalog__movies-card"
    onClick={[Function]}
    onMouseEnter={[Function]}
    onMouseLeave={[Function]}
  >
    <a
      href="/films/4"
      onClick={[Function]}
    >
      <div
        className="small-movie-card__image"
      >
        <video
          height={175}
          muted={true}
          poster="https://es31-server.appspot.com/wtw/static/film/preview/bronson.jpg"
          src="https://upload.wikimedia.org/wikipedia/commons/transcoded/b/b3/Big_Buck_Bunny_Trailer_400p.ogv/Big_Buck_Bunny_Trailer_400p.ogv.360p.webm"
          width={280}
        />
      </div>
    </a>
    <h3
      className="small-movie-card__title"
    >
      <a
        className="small-movie-card__link"
        href="/films/4"
        onClick={[Function]}
      >
        Bronson
      </a>
    </h3>
  </article>
  <article
    className="small-movie-card catalog__movies-card"
    onClick={[Function]}
    onMouseEnter={[Function]}
    onMouseLeave={[Function]}
  >
    <a
      href="/films/5"
      onClick={[Function]}
    >
      <div
        className="small-movie-card__image"
      >
        <video
          height={175}
          muted={true}
          poster="https://es31-server.appspot.com/wtw/static/film/preview/macbeth.jpg"
          src="https://upload.wikimedia.org/wikipedia/commons/transcoded/b/b3/Big_Buck_Bunny_Trailer_400p.ogv/Big_Buck_Bunny_Trailer_400p.ogv.360p.webm"
          width={280}
        />
      </div>
    </a>
    <h3
      className="small-movie-card__title"
    >
      <a
        className="small-movie-card__link"
        href="/films/5"
        onClick={[Function]}
      >
        Macbeth
      </a>
    </h3>
  </article>
  <article
    className="small-movie-card catalog__movies-card"
    onClick={[Function]}
    onMouseEnter={[Function]}
    onMouseLeave={[Function]}
  >
    <a
      href="/films/6"
      onClick={[Function]}
    >
      <div
        className="small-movie-card__image"
      >
        <video
          height={175}
          muted={true}
          poster="https://es31-server.appspot.com/wtw/static/film/preview/seven-years-in-tibet.jpg"
          src="https://upload.wikimedia.org/wikipedia/commons/transcoded/b/b3/Big_Buck_Bunny_Trailer_400p.ogv/Big_Buck_Bunny_Trailer_400p.ogv.360p.webm"
          width={280}
        />
      </div>
    </a>
    <h3
      className="small-movie-card__title"
    >
      <a
        className="small-movie-card__link"
        href="/films/6"
        onClick={[Function]}
      >
        Seven Years in Tibet
      </a>
    </h3>
  </article>
  <article
    className="small-movie-card catalog__movies-card"
    onClick={[Function]}
    onMouseEnter={[Function]}
    onMouseLeave={[Function]}
  >
    <a
      href="/films/7"
      onClick={[Function]}
    >
      <div
        className="small-movie-card__image"
      >
        <video
          height={175}
          muted={true}
          poster="https://es31-server.appspot.com/wtw/static/film/preview/what-we-do-in-the-shadows.jpg"
          src="https://download.blender.org/durian/trailer/sintel_trailer-480p.mp4"
          width={280}
        />
      </div>
    </a>
    <h3
      className="small-movie-card__title"
    >
      <a
        className="small-movie-card__link"
        href="/films/7"
        onClick={[Function]}
      >
        What We Do in the Shadows
      </a>
    </h3>
  </article>
  <article
    className="small-movie-card catalog__movies-card"
    onClick={[Function]}
    onMouseEnter={[Function]}
    onMouseLeave={[Function]}
  >
    <a
      href="/films/8"
      onClick={[Function]}
    >
      <div
        className="small-movie-card__image"
      >
        <video
          height={175}
          muted={true}
          poster="https://es31-server.appspot.com/wtw/static/film/preview/johnny-english.jpg"
          src="https://download.blender.org/durian/trailer/sintel_trailer-480p.mp4"
          width={280}
        />
      </div>
    </a>
    <h3
      className="small-movie-card__title"
    >
      <a
        className="small-movie-card__link"
        href="/films/8"
        onClick={[Function]}
      >
        Johnny English
      </a>
    </h3>
  </article>
  <article
    className="small-movie-card catalog__movies-card"
    onClick={[Function]}
    onMouseEnter={[Function]}
    onMouseLeave={[Function]}
  >
    <a
      href="/films/9"
      onClick={[Function]}
    >
      <div
        className="small-movie-card__image"
      >
        <video
          height={175}
          muted={true}
          poster="https://es31-server.appspot.com/wtw/static/film/preview/bronson.jpg"
          src="https://upload.wikimedia.org/wikipedia/commons/transcoded/b/b3/Big_Buck_Bunny_Trailer_400p.ogv/Big_Buck_Bunny_Trailer_400p.ogv.360p.webm"
          width={280}
        />
      </div>
    </a>
    <h3
      className="small-movie-card__title"
    >
      <a
        className="small-movie-card__link"
        href="/films/9"
        onClick={[Function]}
      >
        Bronson
      </a>
    </h3>
  </article>
  <article
    className="small-movie-card catalog__movies-card"
    onClick={[Function]}
    onMouseEnter={[Function]}
    onMouseLeave={[Function]}
  >
    <a
      href="/films/10"
      onClick={[Function]}
    >
      <div
        className="small-movie-card__image"
      >
        <video
          height={175}
          muted={true}
          poster="https://es31-server.appspot.com/wtw/static/film/preview/macbeth.jpg"
          src="https://upload.wikimedia.org/wikipedia/commons/transcoded/b/b3/Big_Buck_Bunny_Trailer_400p.ogv/Big_Buck_Bunny_Trailer_400p.ogv.360p.webm"
          width={280}
        />
      </div>
    </a>
    <h3
      className="small-movie-card__title"
    >
      <a
        className="small-movie-card__link"
        href="/films/10"
        onClick={[Function]}
      >
        Macbeth
      </a>
    </h3>
  </article>
  <article
    className="small-movie-card catalog__movies-card"
    onClick={[Function]}
    onMouseEnter={[Function]}
    onMouseLeave={[Function]}
  >
    <a
      href="/films/11"
      onClick={[Function]}
    >
      <div
        className="small-movie-card__image"
      >
        <video
          height={175}
          muted={true}
          poster="https://es31-server.appspot.com/wtw/static/film/preview/seven-years-in-tibet.jpg"
          src="https://upload.wikimedia.org/wikipedia/commons/transcoded/b/b3/Big_Buck_Bunny_Trailer_400p.ogv/Big_Buck_Bunny_Trailer_400p.ogv.360p.webm"
          width={280}
        />
      </div>
    </a>
    <h3
      className="small-movie-card__title"
    >
      <a
        className="small-movie-card__link"
        href="/films/11"
        onClick={[Function]}
      >
        Seven Years in Tibet
      </a>
    </h3>
  </article>
  <article
    className="small-movie-card catalog__movies-card"
    onClick={[Function]}
    onMouseEnter={[Function]}
    onMouseLeave={[Function]}
  >
    <a
      href="/films/12"
      onClick={[Function]}
    >
      <div
        className="small-movie-card__image"
      >
        <video
          height={175}
          muted={true}
          poster="https://es31-server.appspot.com/wtw/static/film/preview/what-we-do-in-the-shadows.jpg"
          src="https://download.blender.org/durian/trailer/sintel_trailer-480p.mp4"
          width={280}
        />
      </div>
    </a>
    <h3
      className="small-movie-card__title"
    >
      <a
        className="small-movie-card__link"
        href="/films/12"
        onClick={[Function]}
      >
        What We Do in the Shadows
      </a>
    </h3>
  </article>
  <article
    className="small-movie-card catalog__movies-card"
    onClick={[Function]}
    onMouseEnter={[Function]}
    onMouseLeave={[Function]}
  >
    <a
      href="/films/13"
      onClick={[Function]}
    >
      <div
        className="small-movie-card__image"
      >
        <video
          height={175}
          muted={true}
          poster="https://es31-server.appspot.com/wtw/static/film/preview/johnny-english.jpg"
          src="https://download.blender.org/durian/trailer/sintel_trailer-480p.mp4"
          width={280}
        />
      </div>
    </a>
    <h3
      className="small-movie-card__title"
    >
      <a
        className="small-movie-card__link"
        href="/films/13"
        onClick={[Function]}
      >
        Johnny English
      </a>
    </h3>
  </article>
  <article
    className="small-movie-card catalog__movies-card"
    onClick={[Function]}
    onMouseEnter={[Function]}
    onMouseLeave={[Function]}
  >
    <a
      href="/films/14"
      onClick={[Function]}
    >
      <div
        className="small-movie-card__image"
      >
        <video
          height={175}
          muted={true}
          poster="https://es31-server.appspot.com/wtw/static/film/preview/bronson.jpg"
          src="https://upload.wikimedia.org/wikipedia/commons/transcoded/b/b3/Big_Buck_Bunny_Trailer_400p.ogv/Big_Buck_Bunny_Trailer_400p.ogv.360p.webm"
          width={280}
        />
      </div>
    </a>
    <h3
      className="small-movie-card__title"
    >
      <a
        className="small-movie-card__link"
        href="/films/14"
        onClick={[Function]}
      >
        Bronson
      </a>
    </h3>
  </article>
  <article
    className="small-movie-card catalog__movies-card"
    onClick={[Function]}
    onMouseEnter={[Function]}
    onMouseLeave={[Function]}
  >
    <a
      href="/films/15"
      onClick={[Function]}
    >
      <div
        className="small-movie-card__image"
      >
        <video
          height={175}
          muted={true}
          poster="https://es31-server.appspot.com/wtw/static/film/preview/macbeth.jpg"
          src="https://upload.wikimedia.org/wikipedia/commons/transcoded/b/b3/Big_Buck_Bunny_Trailer_400p.ogv/Big_Buck_Bunny_Trailer_400p.ogv.360p.webm"
          width={280}
        />
      </div>
    </a>
    <h3
      className="small-movie-card__title"
    >
      <a
        className="small-movie-card__link"
        href="/films/15"
        onClick={[Function]}
      >
        Macbeth
      </a>
    </h3>
  </article>
  <article
    className="small-movie-card catalog__movies-card"
    onClick={[Function]}
    onMouseEnter={[Function]}
    onMouseLeave={[Function]}
  >
    <a
      href="/films/16"
      onClick={[Function]}
    >
      <div
        className="small-movie-card__image"
      >
        <video
          height={175}
          muted={true}
          poster="https://es31-server.appspot.com/wtw/static/film/preview/seven-years-in-tibet.jpg"
          src="https://upload.wikimedia.org/wikipedia/commons/transcoded/b/b3/Big_Buck_Bunny_Trailer_400p.ogv/Big_Buck_Bunny_Trailer_400p.ogv.360p.webm"
          width={280}
        />
      </div>
    </a>
    <h3
      className="small-movie-card__title"
    >
      <a
        className="small-movie-card__link"
        href="/films/16"
        onClick={[Function]}
      >
        Seven Years in Tibet
      </a>
    </h3>
  </article>
  <article
    className="small-movie-card catalog__movies-card"
    onClick={[Function]}
    onMouseEnter={[Function]}
    onMouseLeave={[Function]}
  >
    <a
      href="/films/17"
      onClick={[Function]}
    >
      <div
        className="small-movie-card__image"
      >
        <video
          height={175}
          muted={true}
          poster="https://es31-server.appspot.com/wtw/static/film/preview/what-we-do-in-the-shadows.jpg"
          src="https://download.blender.org/durian/trailer/sintel_trailer-480p.mp4"
          width={280}
        />
      </div>
    </a>
    <h3
      className="small-movie-card__title"
    >
      <a
        className="small-movie-card__link"
        href="/films/17"
        onClick={[Function]}
      >
        What We Do in the Shadows
      </a>
    </h3>
  </article>
  <article
    className="small-movie-card catalog__movies-card"
    onClick={[Function]}
    onMouseEnter={[Function]}
    onMouseLeave={[Function]}
  >
    <a
      href="/films/18"
      onClick={[Function]}
    >
      <div
        className="small-movie-card__image"
      >
        <video
          height={175}
          muted={true}
          poster="https://es31-server.appspot.com/wtw/static/film/preview/johnny-english.jpg"
          src="https://download.blender.org/durian/trailer/sintel_trailer-480p.mp4"
          width={280}
        />
      </div>
    </a>
    <h3
      className="small-movie-card__title"
    >
      <a
        className="small-movie-card__link"
        href="/films/18"
        onClick={[Function]}
      >
        Johnny English
      </a>
    </h3>
  </article>
  <article
    className="small-movie-card catalog__movies-card"
    onClick={[Function]}
    onMouseEnter={[Function]}
    onMouseLeave={[Function]}
  >
    <a
      href="/films/19"
      onClick={[Function]}
    >
      <div
        className="small-movie-card__image"
      >
        <video
          height={175}
          muted={true}
          poster="https://es31-server.appspot.com/wtw/static/film/preview/bronson.jpg"
          src="https://upload.wikimedia.org/wikipedia/commons/transcoded/b/b3/Big_Buck_Bunny_Trailer_400p.ogv/Big_Buck_Bunny_Trailer_400p.ogv.360p.webm"
          width={280}
        />
      </div>
    </a>
    <h3
      className="small-movie-card__title"
    >
      <a
        className="small-movie-card__link"
        href="/films/19"
        onClick={[Function]}
      >
        Bronson
      </a>
    </h3>
  </article>
  <article
    className="small-movie-card catalog__movies-card"
    onClick={[Function]}
    onMouseEnter={[Function]}
    onMouseLeave={[Function]}
  >
    <a
      href="/films/20"
      onClick={[Function]}
    >
      <div
        className="small-movie-card__image"
      >
        <video
          height={175}
          muted={true}
          poster="https://es31-server.appspot.com/wtw/static/film/preview/macbeth.jpg"
          src="https://upload.wikimedia.org/wikipedia/commons/transcoded/b/b3/Big_Buck_Bunny_Trailer_400p.ogv/Big_Buck_Bunny_Trailer_400p.ogv.360p.webm"
          width={280}
        />
      </div>
    </a>
    <h3
      className="small-movie-card__title"
    >
      <a
        className="small-movie-card__link"
        href="/films/20"
        onClick={[Function]}
      >
        Macbeth
      </a>
    </h3>
  </article>
  <article
    className="small-movie-card catalog__movies-card"
    onClick={[Function]}
    onMouseEnter={[Function]}
    onMouseLeave={[Function]}
  >
    <a
      href="/films/21"
      onClick={[Function]}
    >
      <div
        className="small-movie-card__image"
      >
        <video
          height={175}
          muted={true}
          poster="https://es31-server.appspot.com/wtw/static/film/preview/seven-years-in-tibet.jpg"
          src="https://upload.wikimedia.org/wikipedia/commons/transcoded/b/b3/Big_Buck_Bunny_Trailer_400p.ogv/Big_Buck_Bunny_Trailer_400p.ogv.360p.webm"
          width={280}
        />
      </div>
    </a>
    <h3
      className="small-movie-card__title"
    >
      <a
        className="small-movie-card__link"
        href="/films/21"
        onClick={[Function]}
      >
        Seven Years in Tibet
      </a>
    </h3>
  </article>
  <article
    className="small-movie-card catalog__movies-card"
    onClick={[Function]}
    onMouseEnter={[Function]}
    onMouseLeave={[Function]}
  >
    <a
      href="/films/22"
      onClick={[Function]}
    >
      <div
        className="small-movie-card__image"
      >
        <video
          height={175}
          muted={true}
          poster="https://es31-server.appspot.com/wtw/static/film/preview/what-we-do-in-the-shadows.jpg"
          src="https://download.blender.org/durian/trailer/sintel_trailer-480p.mp4"
          width={280}
        />
      </div>
    </a>
    <h3
      className="small-movie-card__title"
    >
      <a
        className="small-movie-card__link"
        href="/films/22"
        onClick={[Function]}
      >
        What We Do in the Shadows
      </a>
    </h3>
  </article>
  <article
    className="small-movie-card catalog__movies-card"
    onClick={[Function]}
    onMouseEnter={[Function]}
    onMouseLeave={[Function]}
  >
    <a
      href="/films/23"
      onClick={[Function]}
    >
      <div
        className="small-movie-card__image"
      >
        <video
          height={175}
          muted={true}
          poster="https://es31-server.appspot.com/wtw/static/film/preview/johnny-english.jpg"
          src="https://download.blender.org/durian/trailer/sintel_trailer-480p.mp4"
          width={280}
        />
      </div>
    </a>
    <h3
      className="small-movie-card__title"
    >
      <a
        className="small-movie-card__link"
        href="/films/23"
        onClick={[Function]}
      >
        Johnny English
      </a>
    </h3>
  </article>
  <article
    className="small-movie-card catalog__movies-card"
    onClick={[Function]}
    onMouseEnter={[Function]}
    onMouseLeave={[Function]}
  >
    <a
      href="/films/24"
      onClick={[Function]}
    >
      <div
        className="small-movie-card__image"
      >
        <video
          height={175}
          muted={true}
          poster="https://es31-server.appspot.com/wtw/static/film/preview/bronson.jpg"
          src="https://upload.wikimedia.org/wikipedia/commons/transcoded/b/b3/Big_Buck_Bunny_Trailer_400p.ogv/Big_Buck_Bunny_Trailer_400p.ogv.360p.webm"
          width={280}
        />
      </div>
    </a>
    <h3
      className="small-movie-card__title"
    >
      <a
        className="small-movie-card__link"
        href="/films/24"
        onClick={[Function]}
      >
        Bronson
      </a>
    </h3>
  </article>
  <article
    className="small-movie-card catalog__movies-card"
    onClick={[Function]}
    onMouseEnter={[Function]}
    onMouseLeave={[Function]}
  >
    <a
      href="/films/25"
      onClick={[Function]}
    >
      <div
        className="small-movie-card__image"
      >
        <video
          height={175}
          muted={true}
          poster="https://es31-server.appspot.com/wtw/static/film/preview/macbeth.jpg"
          src="https://upload.wikimedia.org/wikipedia/commons/transcoded/b/b3/Big_Buck_Bunny_Trailer_400p.ogv/Big_Buck_Bunny_Trailer_400p.ogv.360p.webm"
          width={280}
        />
      </div>
    </a>
    <h3
      className="small-movie-card__title"
    >
      <a
        className="small-movie-card__link"
        href="/films/25"
        onClick={[Function]}
      >
        Macbeth
      </a>
    </h3>
  </article>
</div>
`;
