// Jest Snapshot v1, https://goo.gl/fbAQLP

exports[`renders correctly 1`] = `
<article
  className="small-movie-card catalog__movies-card"
  onClick={[Function]}
  onMouseEnter={[Function]}
>
  <div
    className="small-movie-card__image"
  >
    <img
      alt="Seven Years in Tibet"
      height="175"
      src="https://es31-server.appspot.com/wtw/static/film/poster/Seven_Years_in_Tibet.jpg"
      width="280"
    />
  </div>
  <h3
    className="small-movie-card__title"
  >
    <a
      className="small-movie-card__link"
      href="/details#1"
    >
      Seven Years in Tibet
    </a>
  </h3>
</article>
`;
